====== Testing Login System ======

1. Testing with username: admin, password: admin123

2. Checking Supabase connection...
Γ£à Supabase connection successful

3. Fetching admin user from database...
Γ£à User found in database:
   ID: 1
   Username: admin
   Password Hash: $2a$10$DOBN25Y4W1W4L998sUhSVqSLGL8PS3aS
   Created At: 2025-12-04T20:13:21.736452

4. Checking password hash format...
Γ£à Valid bcrypt hash format

5. Testing password comparison...
Γ¥î Password does NOT match
Expected password: admin123
Hash in database: $2a$10$DOBN25Y4W1W4L998sUhSVqSLGL8PS3aS

Generating fresh hash for comparison...
Fresh hash for 'admin123': $2a$10$n73SEHIGR9T96PWi5gpAlufT.lRUy5SuW3sightLOi.F.lVzY/9IS

Γ¥î The password hash in database is INCORRECT
Run this SQL in Supabase to fix it:
UPDATE admin_users SET password_hash = '$2a$10$n73SEHIGR9T96PWi5gpAlufT.lRUy5SuW3sightLOi.F.lVzY/9IS' WHERE username = 'admin';
